2026-03-18 21:27:54 [ERROR]: Supabase user creation error: fetch failed 
AuthRetryableFetchError: fetch failed
    at _handleRequest (C:\Users\Sharleen\Desktop\body-measurement-tracker\body-measurement-tracker-backend\node_modules\@supabase\auth-js\src\lib\fetch.ts:191:11)
    at processTicksAndRejections (node:internal/process/task_queues:105:5)
    at async _request (C:\Users\Sharleen\Desktop\body-measurement-tracker\body-measurement-tracker-backend\node_modules\@supabase\auth-js\src\lib\fetch.ts:157:16)
    at async GoTrueAdminApi.createUser (C:\Users\Sharleen\Desktop\body-measurement-tracker\body-measurement-tracker-backend\node_modules\@supabase\auth-js\src\GoTrueAdminApi.ts:210:14)
    at async AuthService.register (C:\Users\Sharleen\Desktop\body-measurement-tracker\body-measurement-tracker-backend\src\services\auth.service.ts:31:50)
    at async C:\Users\Sharleen\Desktop\body-measurement-tracker\body-measurement-tracker-backend\src\controllers\auth.controller.ts:26:18
2026-03-18 21:39:15 [ERROR]: Supabase user creation error: fetch failed 
AuthRetryableFetchError: fetch failed
    at _handleRequest (C:\Users\Sharleen\Desktop\body-measurement-tracker\body-measurement-tracker-backend\node_modules\@supabase\auth-js\src\lib\fetch.ts:191:11)
    at processTicksAndRejections (node:internal/process/task_queues:105:5)
    at async _request (C:\Users\Sharleen\Desktop\body-measurement-tracker\body-measurement-tracker-backend\node_modules\@supabase\auth-js\src\lib\fetch.ts:157:16)
    at async GoTrueAdminApi.createUser (C:\Users\Sharleen\Desktop\body-measurement-tracker\body-measurement-tracker-backend\node_modules\@supabase\auth-js\src\GoTrueAdminApi.ts:210:14)
    at async AuthService.register (C:\Users\Sharleen\Desktop\body-measurement-tracker\body-measurement-tracker-backend\src\services\auth.service.ts:31:50)
    at async C:\Users\Sharleen\Desktop\body-measurement-tracker\body-measurement-tracker-backend\src\controllers\auth.controller.ts:26:18
2026-03-18 21:50:36 [ERROR]: 
[31mInvalid [1m`prisma.user.findUnique()`[22m invocation in[39m
[4mC:\Users\Sharleen\Desktop\body-measurement-tracker\body-measurement-tracker-backend\src\services\auth.service.ts:70:36[24m

  [2m[90m67[39m [34m}[39m[22m
  [2m[90m68[39m [22m
  [2m[90m69[39m [36masync[39m [36mlogin[39m[34m([39memail[34m:[39m string[34m,[39m password[34m:[39m string[34m)[39m[34m:[39m Promise<[34m{[39m user[34m:[39m Partial<User>[34m;[39m token[34m:[39m string[34m;[39m refreshToken[34m:[39m string [34m}[39m> [34m{[39m[22m
[1m[31m→[39m[22m [2m[90m70[39m   [36mconst[39m user = [36mawait[39m prisma[34m.[39muser[34m.[39m[36mfindUnique[39m[34m([39m[22m
Error occurred during query execution:
ConnectorError(ConnectorError { user_facing_error: None, kind: QueryError(PostgresError { code: "42P05", message: "prepared statement \"s0\" already exists", severity: "ERROR", detail: None, column: None, hint: None }), transient: false }) 
PrismaClientUnknownRequestError: 
[31mInvalid [1m`prisma.user.findUnique()`[22m invocation in[39m
[4mC:\Users\Sharleen\Desktop\body-measurement-tracker\body-measurement-tracker-backend\src\services\auth.service.ts:70:36[24m

  [2m[90m67[39m [34m}[39m[22m
  [2m[90m68[39m [22m
  [2m[90m69[39m [36masync[39m [36mlogin[39m[34m([39memail[34m:[39m string[34m,[39m password[34m:[39m string[34m)[39m[34m:[39m Promise<[34m{[39m user[34m:[39m Partial<User>[34m;[39m token[34m:[39m string[34m;[39m refreshToken[34m:[39m string [34m}[39m> [34m{[39m[22m
[1m[31m→[39m[22m [2m[90m70[39m   [36mconst[39m user = [36mawait[39m prisma[34m.[39muser[34m.[39m[36mfindUnique[39m[34m([39m[22m
Error occurred during query execution:
ConnectorError(ConnectorError { user_facing_error: None, kind: QueryError(PostgresError { code: "42P05", message: "prepared statement \"s0\" already exists", severity: "ERROR", detail: None, column: None, hint: None }), transient: false })
    at ei.handleRequestError (C:\Users\Sharleen\Desktop\body-measurement-tracker\body-measurement-tracker-backend\node_modules\@prisma\client\src\runtime\RequestHandler.ts:237:13)
    at ei.handleAndLogRequestError (C:\Users\Sharleen\Desktop\body-measurement-tracker\body-measurement-tracker-backend\node_modules\@prisma\client\src\runtime\RequestHandler.ts:174:12)
    at ei.request (C:\Users\Sharleen\Desktop\body-measurement-tracker\body-measurement-tracker-backend\node_modules\@prisma\client\src\runtime\RequestHandler.ts:143:12)
    at async a (C:\Users\Sharleen\Desktop\body-measurement-tracker\body-measurement-tracker-backend\node_modules\@prisma\client\src\runtime\getPrismaClient.ts:833:24)
    at async AuthService.login (C:\Users\Sharleen\Desktop\body-measurement-tracker\body-measurement-tracker-backend\src\services\auth.service.ts:70:18)
    at async C:\Users\Sharleen\Desktop\body-measurement-tracker\body-measurement-tracker-backend\src\controllers\auth.controller.ts:42:18
2026-03-18 22:13:04 [ERROR]: Please authenticate 
Error: Please authenticate
    at C:\Users\Sharleen\Desktop\body-measurement-tracker\body-measurement-tracker-backend\src\middlewares\auth.middleware.ts:13:19
    at allFailed (C:\Users\Sharleen\Desktop\body-measurement-tracker\body-measurement-tracker-backend\node_modules\passport\lib\middleware\authenticate.js:110:18)
    at attempt (C:\Users\Sharleen\Desktop\body-measurement-tracker\body-measurement-tracker-backend\node_modules\passport\lib\middleware\authenticate.js:183:28)
    at JwtStrategy.strategy.fail (C:\Users\Sharleen\Desktop\body-measurement-tracker\body-measurement-tracker-backend\node_modules\passport\lib\middleware\authenticate.js:314:9)
    at C:\Users\Sharleen\Desktop\body-measurement-tracker\body-measurement-tracker-backend\node_modules\passport-jwt\lib\strategy.js:106:33
    at C:\Users\Sharleen\Desktop\body-measurement-tracker\body-measurement-tracker-backend\node_modules\jsonwebtoken\verify.js:171:14
    at getSecret (C:\Users\Sharleen\Desktop\body-measurement-tracker\body-measurement-tracker-backend\node_modules\jsonwebtoken\verify.js:97:14)
    at Object.module.exports [as verify] (C:\Users\Sharleen\Desktop\body-measurement-tracker\body-measurement-tracker-backend\node_modules\jsonwebtoken\verify.js:101:10)
    at Function.module.exports [as JwtVerifier] (C:\Users\Sharleen\Desktop\body-measurement-tracker\body-measurement-tracker-backend\node_modules\passport-jwt\lib\verify_jwt.js:4:16)
    at C:\Users\Sharleen\Desktop\body-measurement-tracker\body-measurement-tracker-backend\node_modules\passport-jwt\lib\strategy.js:104:25
2026-03-18 22:19:22 [ERROR]: Uncaught Exception: write EPIPE 
Error: write EPIPE
    at afterWriteDispatched (node:internal/stream_base_commons:159:15)
    at writeGeneric (node:internal/stream_base_commons:150:3)
    at WriteStream.Socket._writeGeneric (node:net:971:11)
    at WriteStream.Socket._write (node:net:983:8)
    at writeOrBuffer (node:internal/streams/writable:572:12)
    at _write (node:internal/streams/writable:501:10)
    at WriteStream.Writable.write (node:internal/streams/writable:510:10)
    at Console.log (C:\Users\Sharleen\Desktop\body-measurement-tracker\body-measurement-tracker-backend\node_modules\winston\lib\winston\transports\console.js:87:23)
    at Console._write (C:\Users\Sharleen\Desktop\body-measurement-tracker\body-measurement-tracker-backend\node_modules\winston-transport\modern.js:103:17)
    at doWrite (C:\Users\Sharleen\Desktop\body-measurement-tracker\body-measurement-tracker-backend\node_modules\readable-stream\lib\_stream_writable.js:390:139)
2026-03-19 08:56:32 [ERROR]: Please authenticate 
Error: Please authenticate
    at C:\Users\Sharleen\Desktop\body-measurement-tracker\body-measurement-tracker-backend\src\middlewares\auth.middleware.ts:13:19
    at allFailed (C:\Users\Sharleen\Desktop\body-measurement-tracker\body-measurement-tracker-backend\node_modules\passport\lib\middleware\authenticate.js:110:18)
    at attempt (C:\Users\Sharleen\Desktop\body-measurement-tracker\body-measurement-tracker-backend\node_modules\passport\lib\middleware\authenticate.js:183:28)
    at JwtStrategy.strategy.fail (C:\Users\Sharleen\Desktop\body-measurement-tracker\body-measurement-tracker-backend\node_modules\passport\lib\middleware\authenticate.js:314:9)
    at JwtStrategy.authenticate (C:\Users\Sharleen\Desktop\body-measurement-tracker\body-measurement-tracker-backend\node_modules\passport-jwt\lib\strategy.js:96:21)
    at attempt (C:\Users\Sharleen\Desktop\body-measurement-tracker\body-measurement-tracker-backend\node_modules\passport\lib\middleware\authenticate.js:378:16)
    at authenticate (C:\Users\Sharleen\Desktop\body-measurement-tracker\body-measurement-tracker-backend\node_modules\passport\lib\middleware\authenticate.js:379:7)
    at authenticate (C:\Users\Sharleen\Desktop\body-measurement-tracker\body-measurement-tracker-backend\src\middlewares\auth.middleware.ts:18:5)
    at Layer.handle [as handle_request] (C:\Users\Sharleen\Desktop\body-measurement-tracker\body-measurement-tracker-backend\node_modules\express\lib\router\layer.js:95:5)
    at trim_prefix (C:\Users\Sharleen\Desktop\body-measurement-tracker\body-measurement-tracker-backend\node_modules\express\lib\router\index.js:328:13)
2026-03-19 08:56:32 [ERROR]: Please authenticate 
Error: Please authenticate
    at C:\Users\Sharleen\Desktop\body-measurement-tracker\body-measurement-tracker-backend\src\middlewares\auth.middleware.ts:13:19
    at allFailed (C:\Users\Sharleen\Desktop\body-measurement-tracker\body-measurement-tracker-backend\node_modules\passport\lib\middleware\authenticate.js:110:18)
    at attempt (C:\Users\Sharleen\Desktop\body-measurement-tracker\body-measurement-tracker-backend\node_modules\passport\lib\middleware\authenticate.js:183:28)
    at JwtStrategy.strategy.fail (C:\Users\Sharleen\Desktop\body-measurement-tracker\body-measurement-tracker-backend\node_modules\passport\lib\middleware\authenticate.js:314:9)
    at JwtStrategy.authenticate (C:\Users\Sharleen\Desktop\body-measurement-tracker\body-measurement-tracker-backend\node_modules\passport-jwt\lib\strategy.js:96:21)
    at attempt (C:\Users\Sharleen\Desktop\body-measurement-tracker\body-measurement-tracker-backend\node_modules\passport\lib\middleware\authenticate.js:378:16)
    at authenticate (C:\Users\Sharleen\Desktop\body-measurement-tracker\body-measurement-tracker-backend\node_modules\passport\lib\middleware\authenticate.js:379:7)
    at authenticate (C:\Users\Sharleen\Desktop\body-measurement-tracker\body-measurement-tracker-backend\src\middlewares\auth.middleware.ts:18:5)
    at Layer.handle [as handle_request] (C:\Users\Sharleen\Desktop\body-measurement-tracker\body-measurement-tracker-backend\node_modules\express\lib\router\layer.js:95:5)
    at trim_prefix (C:\Users\Sharleen\Desktop\body-measurement-tracker\body-measurement-tracker-backend\node_modules\express\lib\router\index.js:328:13)
2026-03-19 09:25:57 [ERROR]: Measurement not found 
Error: Measurement not found
    at MeasurementService.getMeasurementById (C:\Users\Sharleen\Desktop\body-measurement-tracker\body-measurement-tracker-backend\src\services\measurement.service.ts:84:13)
    at async MeasurementService.updateMeasurement (C:\Users\Sharleen\Desktop\body-measurement-tracker\body-measurement-tracker-backend\src\services\measurement.service.ts:95:25)
    at async C:\Users\Sharleen\Desktop\body-measurement-tracker\body-measurement-tracker-backend\src\controllers\measurement.controller.ts:80:23
2026-03-19 10:33:38 [ERROR]: Please authenticate 
Error: Please authenticate
    at C:\Users\Sharleen\Desktop\body-measurement-tracker\body-measurement-tracker-backend\src\middlewares\auth.middleware.ts:13:19
    at allFailed (C:\Users\Sharleen\Desktop\body-measurement-tracker\body-measurement-tracker-backend\node_modules\passport\lib\middleware\authenticate.js:110:18)
    at attempt (C:\Users\Sharleen\Desktop\body-measurement-tracker\body-measurement-tracker-backend\node_modules\passport\lib\middleware\authenticate.js:183:28)
    at JwtStrategy.strategy.fail (C:\Users\Sharleen\Desktop\body-measurement-tracker\body-measurement-tracker-backend\node_modules\passport\lib\middleware\authenticate.js:314:9)
    at JwtStrategy.authenticate (C:\Users\Sharleen\Desktop\body-measurement-tracker\body-measurement-tracker-backend\node_modules\passport-jwt\lib\strategy.js:96:21)
    at attempt (C:\Users\Sharleen\Desktop\body-measurement-tracker\body-measurement-tracker-backend\node_modules\passport\lib\middleware\authenticate.js:378:16)
    at authenticate (C:\Users\Sharleen\Desktop\body-measurement-tracker\body-measurement-tracker-backend\node_modules\passport\lib\middleware\authenticate.js:379:7)
    at authenticate (C:\Users\Sharleen\Desktop\body-measurement-tracker\body-measurement-tracker-backend\src\middlewares\auth.middleware.ts:18:5)
    at Layer.handle [as handle_request] (C:\Users\Sharleen\Desktop\body-measurement-tracker\body-measurement-tracker-backend\node_modules\express\lib\router\layer.js:95:5)
    at trim_prefix (C:\Users\Sharleen\Desktop\body-measurement-tracker\body-measurement-tracker-backend\node_modules\express\lib\router\index.js:328:13)
2026-03-19 10:57:02 [ERROR]: Please authenticate 
Error: Please authenticate
    at C:\Users\Sharleen\Desktop\body-measurement-tracker\body-measurement-tracker-backend\src\middlewares\auth.middleware.ts:13:19
    at allFailed (C:\Users\Sharleen\Desktop\body-measurement-tracker\body-measurement-tracker-backend\node_modules\passport\lib\middleware\authenticate.js:110:18)
    at attempt (C:\Users\Sharleen\Desktop\body-measurement-tracker\body-measurement-tracker-backend\node_modules\passport\lib\middleware\authenticate.js:183:28)
    at JwtStrategy.strategy.fail (C:\Users\Sharleen\Desktop\body-measurement-tracker\body-measurement-tracker-backend\node_modules\passport\lib\middleware\authenticate.js:314:9)
    at JwtStrategy.authenticate (C:\Users\Sharleen\Desktop\body-measurement-tracker\body-measurement-tracker-backend\node_modules\passport-jwt\lib\strategy.js:96:21)
    at attempt (C:\Users\Sharleen\Desktop\body-measurement-tracker\body-measurement-tracker-backend\node_modules\passport\lib\middleware\authenticate.js:378:16)
    at authenticate (C:\Users\Sharleen\Desktop\body-measurement-tracker\body-measurement-tracker-backend\node_modules\passport\lib\middleware\authenticate.js:379:7)
    at authenticate (C:\Users\Sharleen\Desktop\body-measurement-tracker\body-measurement-tracker-backend\src\middlewares\auth.middleware.ts:18:5)
    at Layer.handle [as handle_request] (C:\Users\Sharleen\Desktop\body-measurement-tracker\body-measurement-tracker-backend\node_modules\express\lib\router\layer.js:95:5)
    at trim_prefix (C:\Users\Sharleen\Desktop\body-measurement-tracker\body-measurement-tracker-backend\node_modules\express\lib\router\index.js:328:13)
2026-03-19 10:58:56 [ERROR]: Please authenticate 
Error: Please authenticate
    at C:\Users\Sharleen\Desktop\body-measurement-tracker\body-measurement-tracker-backend\src\middlewares\auth.middleware.ts:13:19
    at allFailed (C:\Users\Sharleen\Desktop\body-measurement-tracker\body-measurement-tracker-backend\node_modules\passport\lib\middleware\authenticate.js:110:18)
    at attempt (C:\Users\Sharleen\Desktop\body-measurement-tracker\body-measurement-tracker-backend\node_modules\passport\lib\middleware\authenticate.js:183:28)
    at JwtStrategy.strategy.fail (C:\Users\Sharleen\Desktop\body-measurement-tracker\body-measurement-tracker-backend\node_modules\passport\lib\middleware\authenticate.js:314:9)
    at JwtStrategy.authenticate (C:\Users\Sharleen\Desktop\body-measurement-tracker\body-measurement-tracker-backend\node_modules\passport-jwt\lib\strategy.js:96:21)
    at attempt (C:\Users\Sharleen\Desktop\body-measurement-tracker\body-measurement-tracker-backend\node_modules\passport\lib\middleware\authenticate.js:378:16)
    at authenticate (C:\Users\Sharleen\Desktop\body-measurement-tracker\body-measurement-tracker-backend\node_modules\passport\lib\middleware\authenticate.js:379:7)
    at authenticate (C:\Users\Sharleen\Desktop\body-measurement-tracker\body-measurement-tracker-backend\src\middlewares\auth.middleware.ts:18:5)
    at Layer.handle [as handle_request] (C:\Users\Sharleen\Desktop\body-measurement-tracker\body-measurement-tracker-backend\node_modules\express\lib\router\layer.js:95:5)
    at trim_prefix (C:\Users\Sharleen\Desktop\body-measurement-tracker\body-measurement-tracker-backend\node_modules\express\lib\router\index.js:328:13)
2026-03-19 11:18:03 [ERROR]: Please authenticate 
Error: Please authenticate
    at C:\Users\Sharleen\Desktop\body-measurement-tracker\body-measurement-tracker-backend\src\middlewares\auth.middleware.ts:13:19
    at allFailed (C:\Users\Sharleen\Desktop\body-measurement-tracker\body-measurement-tracker-backend\node_modules\passport\lib\middleware\authenticate.js:110:18)
    at attempt (C:\Users\Sharleen\Desktop\body-measurement-tracker\body-measurement-tracker-backend\node_modules\passport\lib\middleware\authenticate.js:183:28)
    at JwtStrategy.strategy.fail (C:\Users\Sharleen\Desktop\body-measurement-tracker\body-measurement-tracker-backend\node_modules\passport\lib\middleware\authenticate.js:314:9)
    at JwtStrategy.authenticate (C:\Users\Sharleen\Desktop\body-measurement-tracker\body-measurement-tracker-backend\node_modules\passport-jwt\lib\strategy.js:96:21)
    at attempt (C:\Users\Sharleen\Desktop\body-measurement-tracker\body-measurement-tracker-backend\node_modules\passport\lib\middleware\authenticate.js:378:16)
    at authenticate (C:\Users\Sharleen\Desktop\body-measurement-tracker\body-measurement-tracker-backend\node_modules\passport\lib\middleware\authenticate.js:379:7)
    at authenticate (C:\Users\Sharleen\Desktop\body-measurement-tracker\body-measurement-tracker-backend\src\middlewares\auth.middleware.ts:18:5)
    at Layer.handle [as handle_request] (C:\Users\Sharleen\Desktop\body-measurement-tracker\body-measurement-tracker-backend\node_modules\express\lib\router\layer.js:95:5)
    at trim_prefix (C:\Users\Sharleen\Desktop\body-measurement-tracker\body-measurement-tracker-backend\node_modules\express\lib\router\index.js:328:13)
